

     *****************************************************************
     *                     ANSYS Chemkin 2025 R1                     *
     *                       CHEM Application                        *
     *                GAS-PHASE MECHANISM INTERPRETER                *
     *                 Copyright(c) 2025 ANSYS, Inc.                 *                
     *Run Date and Time: May 29, 2026   17:03:50     120 min from UTC*
     *****************************************************************



Initializing CHEMKIN Gas-phase Interpreter a component of ANSYS Chemkin 2025 R1, Build date: Nov 11, 2024
This and All Other Chemkin(R) Libraries are Copyright (c) 2025 Ansys, Inc.  Unauthorized use, distribution, or duplication is prohibited.  This product is subject to U.S. laws governing export and re-export.  For full Legal Notice, see documentation.


LICENSE INFORMATION: 
 

LicNum: unknown                                                                                                                                                                                                                                                                                                                                                                                                                                                                                                                 

                WORKING SPACE REQUIREMENTS
                 PROVIDED        REQUIRED 
 LOGICAL               25             25
 INTEGER             1310           1310
 REAL                9382           9382
 CHARACTER            170            170

This problem requires      0.072MB of memory for the REAL array.
                          --------------------
                          ELEMENTS     ATOMIC
                          CONSIDERED   WEIGHT
                          --------------------
                           1. C       12.0112    
                           2. CL      35.4530    
                           3. SI      28.0860    
                           4. H       1.00797    
                           5. N       14.0067    
                          --------------------
 -------------------------------------------------------------------------------
                            C
                         P  H
                         H  A
                         A  R
 SPECIES                 S  G  MOLECULAR  TEMPERATURE  ELEMENT COUNT
 CONSIDERED              E  E  WEIGHT     LOW    HIGH          C         CL        SI        H         N 
 -------------------------------------------------------------------------------
     1. H2               G  0 2.0159E+00   300   5000          0         0         0         2         0
     2. H                G  0 1.0080E+00   300   5000          0         0         0         1         0
     3. SIH4             G  0 3.2118E+01   300   4000          0         0         1         4         0
     4. SIH2             G  0 3.0102E+01   300   3000          0         0         1         2         0
     5. SI2H6            G  0 6.2220E+01   300   2000          0         0         2         6         0
     6. SI_G             G  0 2.8086E+01   300   4000          0         0         1         0         0
     7. C3H8             G  0 4.4097E+01   200   6000          3         0         0         8         0
     8. CH3              G  0 1.5035E+01   200   6000          1         0         0         3         0
     9. C2H5             G  0 2.9062E+01   200   6000          2         0         0         5         0
    10. CH4              G  0 1.6043E+01   200   6000          1         0         0         4         0
    11. C2H6             G  0 3.0070E+01   200   6000          2         0         0         6         0
    12. C2H4             G  0 2.8054E+01   200   6000          2         0         0         4         0
    13. C2H2             G  0 2.6038E+01   200   6000          2         0         0         2         0
    14. H3SICH3          G  0 4.6145E+01   300   2500          1         0         1         6         0
    15. HSICH3           G  0 4.4129E+01   300   2500          1         0         1         4         0
    16. SICH2            G  0 4.2113E+01   300   2500          1         0         1         2         0
    17. CH2              G  0 1.4027E+01   200   6000          1         0         0         2         0
    18. CL2              G  0 7.0906E+01   300   5000          0         2         0         0         0
    19. CL               G  0 3.5453E+01   300   5000          0         1         0         0         0
    20. HCL              G  0 3.6461E+01   300   5000          0         1         0         1         0
    21. SICL4            G  0 1.6990E+02   300   2000          0         4         1         0         0
    22. SIHCL3           G  0 1.3545E+02   100   5000          0         3         1         1         0
    23. SI2              G  0 5.6172E+01   300   4000          0         0         2         0         0
    24. SI2C             G  0 6.8183E+01   300   5000          1         0         2         0         0
    25. N2               G  0 2.8013E+01   300   5000          0         0         0         0         2
 -------------------------------------------------------------------------------



                                                      (k = A T**b exp(-E/RT))
      REACTIONS CONSIDERED                              A        b        E

   1. SIH4<=>SIH2+H2                                 2.00E+13    0.0    58400.0
   2. SI2H6<=>SIH4+SIH2                              6.30E+14    0.0    49500.0
   3. C3H8<=>CH4+C2H4                                2.80E+16    0.0    82100.0
   4. CH4+H<=>CH3+H2                                 2.20E+04    3.0     8750.0
   5. C2H6<=>2CH3                                    5.50E+16    0.0    88300.0
   6. C2H5+H2<=>C2H6+H                               5.00E+05    2.5    11500.0
   7. 2C2H5<=>C2H4+C2H6                              1.20E+12    0.0        0.0
   8. C2H4<=>C2H2+H2                                 1.30E+12    0.0    77000.0
   9. H3SICH3<=>HSICH3+H2                            1.50E+14    0.0    65000.0
  10. SIH4+CH3<=>H3SICH3+H                           4.00E+11    0.0     6500.0
  11. CH4<=>CH2+H2                                   3.00E+15    0.0   102000.0

 UNITS for the preceding reactions (unless otherwise noted):
       A units mole-cm-sec-K, E units cal/mole




 NO ERRORS FOUND ON INPUT: 
 ASCII Vers. 4.5.0 Chemkin linkfile chem.asc written.


      NOTE (for information purposes only),
      the following species do not participate in any reaction:
      SI_G             SICH2            CL2              CL               HCL             
      SICL4            SIHCL3           SI2              SI2C             N2              

 GAS PHASE WORKING SPACE REQUIREMENTS ARE
    INTEGER:        873
    REAL:           804
    CHARACTER:       31

 Total CPUtime: 0.036 (seconds)
