

     *****************************************************************
     *                     ANSYS Chemkin 2025 R1                     *
     *                       SURF Application                        *
     *                 SURFACE MECHANISM INTERPRETER                 *
     *                 Copyright(c) 2025 ANSYS, Inc.                 *                
     *Run Date and Time: May 29, 2026   15:51:26     120 min from UTC*
     *****************************************************************



                WORKING SPACE REQUIREMENTS
                 PROVIDED        REQUIRED 
 LOGICAL             1702           1702
 INTEGER             2628           2628
 REAL                4018           4018
 CHARACTER            284            284

This problem requires      0.031MB of memory for the REAL array.

Initializing Chemkin Gas-phase Library a component of ANSYS Chemkin 2025 R1, Build date: Nov 11, 2024
This and All Other Chemkin(R) Libraries are Copyright (c) 2025 Ansys, Inc.  Unauthorized use, distribution, or duplication is prohibited.  This product is subject to U.S. laws governing export and re-export.  For full Legal Notice, see documentation.


LICENSE INFORMATION: 
 

LicNum: unknown                                                                                                                                                                                                                                                                                                                                                                                                                                                                                                                 
 -------------------------------------------------------------------------------
 SPECIES                MOLECULAR                        ELEMENT COUNT
 CONSIDERED             WEIGHT       Density    Nsites           C         CL        SI        H         N 
 -------------------------------------------------------------------------------

 Gas phase species:
   1. H2               2.0159E+00                                0         0         0         2         0
   2. H                1.0080E+00                                0         0         0         1         0
   3. SIH4             3.2118E+01                                0         0         1         4         0
   4. SIH2             3.0102E+01                                0         0         1         2         0
   5. SI2H6            6.2220E+01                                0         0         2         6         0
   6. SI_G             2.8086E+01                                0         0         1         0         0
   7. C3H8             4.4097E+01                                3         0         0         8         0
   8. CH3              1.5035E+01                                1         0         0         3         0
   9. C2H5             2.9062E+01                                2         0         0         5         0
  10. CH4              1.6043E+01                                1         0         0         4         0
  11. C2H6             3.0070E+01                                2         0         0         6         0
  12. C2H4             2.8054E+01                                2         0         0         4         0
  13. C2H2             2.6038E+01                                2         0         0         2         0
  14. H3SICH3          4.6145E+01                                1         0         1         6         0
  15. HSICH3           4.4129E+01                                1         0         1         4         0
  16. SICH2            4.2113E+01                                1         0         1         2         0
  17. CH2              1.4027E+01                                1         0         0         2         0
  18. CL2              7.0906E+01                                0         2         0         0         0
  19. CL               3.5453E+01                                0         1         0         0         0
  20. HCL              3.6461E+01                                0         1         0         1         0
  21. SICL4            1.6990E+02                                0         4         1         0         0
  22. SIHCL3           1.3545E+02                                0         3         1         1         0
  23. SI2              5.6172E+01                                0         0         2         0         0
  24. SI2C             6.8183E+01                                1         0         2         0         0
  25. N2               2.8013E+01                                0         0         0         0         2

 SITE: SIC_SURFACE                0.108E-08 moles/cm**2
  26. SI_S(S)          2.8086E+01                   1            0         0         1         0         0
  27. C_S(S)           1.2011E+01                   1            1         0         0         0         0
  28. SIH_S(S)         2.9094E+01                   1            0         0         1         1         0
  29. CH_S(S)          1.3019E+01                   1            1         0         0         1         0
  30. SIH3_S(S)        3.1110E+01                   1            0         0         1         3         0
  31. CH3_S(S)         1.5035E+01                   1            1         0         0         3         0
  32. SIH2_S(S)        3.0102E+01                   1            0         0         1         2         0
  33. N_S(S)           1.4007E+01                   1            0         0         0         0         1

 BULK: BULK1           
  34. SI(B)            2.8086E+01 2.247E+00 g/cm**3              0         0         1         0         0
  35. C(B)             1.2011E+01 9.720E-01 g/cm**3              1         0         0         0         0
  36. N_V(B)           1.4007E+01 2.247E+00 g/cm**3              0         0         0         0         1
 
 -------------------------------------------------------------------------------
                                                      (k = A T**b exp(-E/RT))
      SURFACE REACTIONS CONSIDERED                      A        b        E

   1. C(B)+SI_S(S)+H2=>SIH2+C_S(S)                   2.20E+32    0.0    52786.0
   2. 2SI(B)+2C_S(S)+H2=>C2H2+2SI_S(S)               2.20E+26    0.0    52786.0
   3. SIH4+C_S(S)=>SIH2_S(S)+H2+C(B)                 1.59E+10    0.0     9401.0
   4. SIH2_S(S)=>H2+SI_S(S)                          2.91E+14    0.0     4527.0
   5. SIH2+C_S(S)=>SIH2_S(S)+C(B)                    3.06E+11    0.5        0.0
   6. SI_G+C_S(S)=>SI_S(S)+C(B)                      3.17E+11    0.5        0.0
   7. C2H2+2SI_S(S)=>2C_S(S)+H2+2SI(B)               3.04E+40    0.5        0.0
   8. C2H4+2SI_S(S)=>2C_S(S)+2H2+2SI(B)              2.34E+38    0.5        0.0
   9. CH4+SI_S(S)=>C_S(S)+2H2+SI(B)                  2.10E+05    0.5        0.0
  10. HSICH3+C_S(S)=>C(B)+SI_S(S)+H+CH3              2.49E+11    0.5        0.0
  11. CH3+SI_S(S)=>SI(B)+C_S(S)+1.5H2                4.27E+11    0.5        0.0
  12. SI2+2C_S(S)=>2C(B)+2SI_S(S)                    1.00E+11    0.5        0.0
  13. SI2C+SI_S(S)=>SI2+SI(B)+C_S(S)                 1.00E+25    0.5        0.0
  14. SICH2+C_S(S)=>C(B)+SI_S(S)+CH2                 2.55E+11    0.5        0.0
  15. CH2+SI_S(S)=>C(B)+SI_S(S)+H2                   4.42E+11    0.5        0.0
  16. N2+2SI_S(S)=>2N_V(B)+2SI_S(S)                  1.00E+15    0.0   -31500.0

 UNITS for the preceding reactions (unless otherwise noted):
       A units mole-cm-sec-K, E units cal/mole
 
 
 -------------------------------------------------------------------------------



 NO ERROR WRITING SURFACE LINKFILE:
 ASCII Version 4.6.0 surface linkfile SiC growth_surf.asc written.


      NOTE (for information purposes only),
      the following species do not participate in any reaction:
      SIH_S(S)         CH_S(S)          SIH3_S(S)        CH3_S(S)         N_S(S)          

 WORKING SPACE REQUIREMENTS ARE
    INTEGER:      994
    REAL:        1309
    CHARACTER:     45


      NOTE (for information purposes only),
      the following gas-phase species do not participate in any reaction:
      CL2              CL               HCL              SICL4            SIHCL3          

 Total CPUtime: 0.015 (seconds)
