

     *****************************************************************
     *                     ANSYS Chemkin 2025 R1                     *
     *                       SURF Application                        *
     *                 SURFACE MECHANISM INTERPRETER                 *
     *                 Copyright(c) 2025 ANSYS, Inc.                 *                
     *Run Date and Time: May 26, 2026   16:58:33     120 min from UTC*
     *****************************************************************



                WORKING SPACE REQUIREMENTS
                 PROVIDED        REQUIRED 
 LOGICAL              178            178
 INTEGER              783            783
 REAL                 859            859
 CHARACTER             88             88

This problem requires      0.007MB of memory for the REAL array.

Initializing Chemkin Gas-phase Library a component of ANSYS Chemkin 2025 R1, Build date: Nov 11, 2024
This and All Other Chemkin(R) Libraries are Copyright (c) 2025 Ansys, Inc.  Unauthorized use, distribution, or duplication is prohibited.  This product is subject to U.S. laws governing export and re-export.  For full Legal Notice, see documentation.


LICENSE INFORMATION: 
 

LicNum: unknown                                                                                                                                                                                                                                                                                                                                                                                                                                                                                                                 
 -------------------------------------------------------------------------------
 SPECIES                MOLECULAR                        ELEMENT COUNT
 CONSIDERED             WEIGHT       Density    Nsites           B         CL        N         H 
 -------------------------------------------------------------------------------

 Gas phase species:
   1. H                1.0080E+00                                0         0         0         1
   2. CL               3.5453E+01                                0         1         0         0
   3. HCL              3.6461E+01                                0         1         0         1
   4. BCL3             1.1717E+02                                1         3         0         0
   5. NH3              1.7031E+01                                0         0         1         3
   6. BCL2NH2          9.7740E+01                                1         2         1         2
   7. BCL(NH2)2        7.8309E+01                                1         1         2         4
   8. B(NH2)3          5.8879E+01                                1         0         3         6

 SITE: AlN_surface                0.204E-08 moles/cm**2
   9. E(S)             0.0000E+00                   1            0         0         0         0
  10. N(S)             1.4007E+01                   1            0         0         1         0

 BULK: BULK1           
  11. BN(B)            2.4818E+01 2.250E+00 g/cm**3              1         0         1         0
 
 -------------------------------------------------------------------------------
                                                      (k = A T**b exp(-E/RT))
      SURFACE REACTIONS CONSIDERED                      A        b        E

   1. NH3+E(S)=>N(S)+3H                              1.24E+11    0.5     4532.0
   2. BCL3+N(S)=>BN(B)+E(S)+3CL                      4.39E+10    0.5    17692.0
   3. BCL2NH2+E(S)=>2HCL+BN(B)+E(S)                  5.20E+11    0.5     8427.0
   4. BCL2NH2+N(S)=>2HCL+BN(B)+N(S)                  5.20E+11    0.5     8427.0

 UNITS for the preceding reactions (unless otherwise noted):
       A units mole-cm-sec-K, E units Kelvins
 
 
 -------------------------------------------------------------------------------



 NO ERROR WRITING SURFACE LINKFILE:
 ASCII Version 4.6.0 surface linkfile BN growth_surf.asc written.

 WORKING SPACE REQUIREMENTS ARE
    INTEGER:      416
    REAL:         376
    CHARACTER:     19

 Total CPUtime: 0.008 (seconds)
