

     *****************************************************************
     *                     ANSYS Chemkin 2025 R1                     *
     *                       CHEM Application                        *
     *                GAS-PHASE MECHANISM INTERPRETER                *
     *                 Copyright(c) 2025 ANSYS, Inc.                 *                
     *Run Date and Time: May 26, 2026   16:55:21     120 min from UTC*
     *****************************************************************



Initializing CHEMKIN Gas-phase Interpreter a component of ANSYS Chemkin 2025 R1, Build date: Nov 11, 2024
This and All Other Chemkin(R) Libraries are Copyright (c) 2025 Ansys, Inc.  Unauthorized use, distribution, or duplication is prohibited.  This product is subject to U.S. laws governing export and re-export.  For full Legal Notice, see documentation.


LICENSE INFORMATION: 
 

LicNum: unknown                                                                                                                                                                                                                                                                                                                                                                                                                                                                                                                 

                WORKING SPACE REQUIREMENTS
                 PROVIDED        REQUIRED 
 LOGICAL                7              7
 INTEGER              552            552
 REAL                1969           1969
 CHARACTER             82             82

This problem requires      0.015MB of memory for the REAL array.
                          --------------------
                          ELEMENTS     ATOMIC
                          CONSIDERED   WEIGHT
                          --------------------
                           1. TI      47.9000    
                           2. CL      35.4530    
                           3. N       14.0067    
                           4. H       1.00797    
                          --------------------
 -------------------------------------------------------------------------------
                            C
                         P  H
                         H  A
                         A  R
 SPECIES                 S  G  MOLECULAR  TEMPERATURE  ELEMENT COUNT
 CONSIDERED              E  E  WEIGHT     LOW    HIGH          TI        CL        N         H 
 -------------------------------------------------------------------------------
     1. TICL3            G  0 1.5426E+02   300   5000          1         3         0         0
     2. NH3              G  0 1.7031E+01   100   5000          0         0         1         3
     3. HCL              G  0 3.6461E+01   300   5000          0         1         0         1
     4. H                G  0 1.0080E+00   300   5000          0         0         0         1
     5. CL               G  0 3.5453E+01   300   5000          0         1         0         0
     6. CL2              G  0 7.0906E+01   300   5000          0         2         0         0
     7. H2               G  0 2.0159E+00   300   5000          0         0         0         2
 -------------------------------------------------------------------------------



                                                      (k = A T**b exp(-E/RT))
      REACTIONS CONSIDERED                              A        b        E

   1. H+CL+M=HCL+M                                   7.20E+21   -2.0        0.0
   2. 2CL+M=CL2+M                                    2.00E+14    0.0     -900.0
   3. HCL+H=CL+H2                                    1.69E+13    0.0     2100.0
   4. H+CL2=HCL+CL                                   8.60E+13    0.0      590.0
   5. 2H+H2=2H2                                      9.70E+16   -0.6        0.0
   6. H2+M=2H+M                                      1.00E+14    0.0    48000.0

 UNITS for the preceding reactions (unless otherwise noted):
       A units mole-cm-sec-K, E units Kelvins




 NO ERRORS FOUND ON INPUT: 
 ASCII Vers. 4.5.0 Chemkin linkfile chem.asc written.


      NOTE (for information purposes only),
      the following species do not participate in any reaction:
      TICL3            NH3             

 GAS PHASE WORKING SPACE REQUIREMENTS ARE
    INTEGER:        406
    REAL:           281
    CHARACTER:       12

 Total CPUtime: 0.027 (seconds)
