 *******************************************************************************
 *                                                                             *
 * CCCCC FFFFF DDDD     AAA  CCCCC EEEEE   SSSS  OOO  L   V       V EEEEE RRR  *
 * C     F     D   D   A   A C     E       S    O   O L    V     V  E     R  R *
 * C     FFFF  D   D = AAAAA C     EEEE  = SSSS O   O L     V   V   EEEE  RRR  *
 * C     F     D   D   A   A C     E          S O   O L      V V    E     R R  *
 * CCCCC F     DDDD    A   A CCCCC EEEEE   SSSS  OOO  LLLLL   V     EEEEE R  R *
 *                                                                             *
 *       Version          : 2023.00.06.063                                     *
 *       Build Date       : 01/17/2023 16:45:26                                *
 *       Build OS         : Windows                                            *
 *       Build OS Release : 10                                                 *
 *       Build OS Version : 10.0.17763                                         *
 *       Build Machine    : HUNVSE060                                          *
 *                                                                             *
 *      Copyright(C) 1994-2022 Applied Materials. All Rights Reserved.              *
 *                                                                             *
 *******************************************************************************
 
 
  ===============================================================
     CFD-ACE-SOLVER Run Platform Information :
  ===============================================================
     Run Date           : 12/01/2025 15:11:32
     Run OS             :
     Run OS Release     :
     Run OS Version     :
     Run Machine        : PC-GAREL
  ===============================================================
  ===============================================================
 
    This simulation is running in double precision serial mode
 
 License Warning
 License for feature ACE will expire in 22 days
 License Warning
 License for feature ACE_CHEMISTRY will expire in 22 days
  =====================================
    Summary of Input Information
  =====================================
    Problem has been set up using : CFD-ACE-GUI
  ================
    Model Options
  ================
    Shared
    -------
    Model Name        : tubev2
    Modules           : FLOW HEAT SPECIES_SOLUTION
    DTF File Name     : tubev2.DTF
    Simulation Number = 1
    Diagnostic        : OFF
    Geometry          : Two Dimensional Axisymmetric
    Iterations        =         3000
    Time Dependence   : Steady
    Output Controls
      Output Start    =            0
      Output End      =     10000000
      Output Interval =         3000
 
  =======================================
    Summary of 2D Axisymmetric Grid Data
  =======================================
    Total No. of nodes       =      10751
    No. of line faces        =      21884
    Total No. of faces       =      21884
    No. of tri cells         =       1302
    No. of quad cells        =       9832
    Total No. of cells       =      11134
 
   ====================================================================
  |                         Summary of Properties                      |
   ====================================================================
  |   Key No.   |  Zone No.  |  VC Name  |  Mat. Type  | No. of Cells  |
   --------------------------------------------------------------------
  |         157 |      1     | NoName    |    Fluid    |      9751     |
   --------------------------------------------------------------------
         | Property Name | Evaluation Method |    Value     |
   ====================================================================
         |       Density |   Gas_Law         |     -        |
         |     Viscosity |   Mix_Kin_Theo    |     -        |
         |      Conduct. |   Kinetic Theory  |     -        |
         |      Sp. Heat |   Jannaf          |     -        |
         |     Diffusion | Kinetic Theory    |     -        |
   ====================================================================
  |   Key No.   |  Zone No.  |  VC Name  |  Mat. Type  | No. of Cells  |
   --------------------------------------------------------------------
  |         156 |      2     | NoName    |    Fluid    |        81     |
   --------------------------------------------------------------------
         | Property Name | Evaluation Method |    Value     |
   ====================================================================
         |       Density |   Gas_Law         |     -        |
         |     Viscosity |   Mix_Kin_Theo    |     -        |
         |      Conduct. |   Kinetic Theory  |     -        |
         |      Sp. Heat |   Jannaf          |     -        |
         |     Diffusion | Kinetic Theory    |     -        |
   ====================================================================
  |   Key No.   |  Zone No.  |  VC Name  |  Mat. Type  | No. of Cells  |
   --------------------------------------------------------------------
  |         160 |      3     | NoName    |    Fluid    |      1302     |
   --------------------------------------------------------------------
         | Property Name | Evaluation Method |    Value     |
   ====================================================================
         |       Density |   Gas_Law         |     -        |
         |     Viscosity |   Mix_Kin_Theo    |     -        |
         |      Conduct. |   Kinetic Theory  |     -        |
         |      Sp. Heat |   Jannaf          |     -        |
         |     Diffusion | Kinetic Theory    |     -        |
   ====================================================================
 
   ====================================
    Summary of Multi-Component Species
   ====================================
 
   The following Chemical Components have been defined:
 
 ----------------------------------------------------------------- -----------------------------------
 Species Name      Mol Wt.      A_VIS       B_VIS       Coll. Dia.   Energy      Acc. Coeff   Heat Acc
 -----------------------------------------------------------------------------------------------------
 
  CO(ACAC)3          3.563E+02   1.018E-06   6.690E+02   7.690E+00   9.900E+02   9.300E-01   9.300E-01
  CO(ACAC)2          2.571E+02   1.018E-06   6.690E+02   7.690E+00   9.900E+02   9.300E-01   9.300E-01
  N2                 2.801E+01   1.405E-06   1.115E+02   3.798E+00   7.140E+01   9.317E-01   9.317E-01
  O                  1.600E+01   1.405E-06   1.115E+02   3.050E+00   1.067E+02   9.317E-01   9.317E-01
  O2                 3.200E+01   1.783E-06   1.560E+02   3.467E+00   1.067E+02   9.317E-01   9.317E-01
  STYRENE            1.041E+02   1.033E-60   6.170E+02   5.940E+00   4.710E+02   9.300E-01   9.300E-01
  ACAC               9.911E+01   1.405E-06   1.150E+01   5.710E+00   1.010E+03   9.317E-01   9.317E-01
  COO(B)             7.493E+01   0.000E+00   0.000E+00   0.000E+00   0.000E+00   0.000E+00   9.300E-01
  CO(S)              5.893E+01   0.000E+00   0.000E+00   0.000E+00   0.000E+00   0.000E+00   0.000E+00
  O(S)               1.600E+01   0.000E+00   0.000E+00   0.000E+00   0.000E+00   0.000E+00   0.000E+00
 -----------------------------------------------------------------------------------------------------
 
 
   =================================
    Summary of Multi-Step Reactions
   =================================
 
   Units : Kmol-m-s-K (or eV);  R_Heat (reaction heat) calculated at 298 K
 
   Kinetics Algorithm : Non-Stiff
 
   No. of chemical reaction mechanisms :  1
 
   Info for mechanism no.:  1
 
   Reaction Name : reactions_vol_2
   Reaction Type : General Rate
   No. of reaction steps:   2
 
   ------------------------------------------------------------------------------
 
     1 : CO(ACAC)3 + M --> CO(ACAC)2 + ACAC + M      R_Heat =-1.1894E+08 (J/kmol)
         Rate_f :  0.246000E+12 * T **     0.500 * Exp(-0.13E+05/T) * [CO(ACAC)3][M]
 
     2 : 2.0 O --> O2                                R_Heat =-4.9837E+08 (J/kmol)
         Rate_f :  0.103000E+12 * T **     0.500 * Exp( 0.00E+00/T) * [O]
 
   =====================================================================================
 
 
   ==============================
    Summary of Surface Reactions
   ==============================
 
   No. of surface reaction mechanisms :  1
 
   Info for mechanism : reaction_surf2
 
   No. of reaction steps:   2
 
   -----------------------------------------------------
   -----------------------------------------------------
   No. of Surface Sites :     1
   -----------------------------------------------------
   Site No.   Site Density    No. of Species
      1       1.000000E-09          2
   -----------------------------------------------------
     Site Species
        1     CO(S)
        2     O(S)
   -----------------------------------------------------
 
 
   Info for Reaction Step:   1
   Reaction Type : General Rate
 
   CO(ACAC)2 +O(S) ---> 2.0 ACAC +COO(B) +CO(S)
 
 Warning: Mass balance not satisfied in the above  surface reaction
  Total mass of reactants =    273.149160000000
  Total mass of products =    332.082360000000
 
 One or more steps in the above reaction mechanism do not
 conserve mass. This is not strictly required for surface
 reactions but you should be certain that the lack of mass
 conservation is intentional and not the result of input error.
   Transferred Species Name: COO(B)
   Transferred Species Density:       6.700000E+03
 
   Forward rate :
 
     Pre-exponential factor   :       2.474000E+09
     Temperature exponent     :       5.000000E-01
     Activation Temperature   :       0.000000E+00
     Concentration Exponents  :       [CO(ACAC)2]*[O(S)]
 
 
   Reverse rate :
     Step is irreversible
   -----------------------------------------------------
 
   Info for Reaction Step:   2
   Reaction Type : General Rate
 
   O2 +CO(S) --->O +O(S)
 
 Warning: Mass balance not satisfied in the above  surface reaction
  Total mass of reactants =    90.9320000000000
  Total mass of products =    31.9988000000000
 
 One or more steps in the above reaction mechanism do not
 conserve mass. This is not strictly required for surface
 reactions but you should be certain that the lack of mass
 conservation is intentional and not the result of input error.
   No Transferred Specie defined in this step
 
   Forward rate :
 
     Pre-exponential factor   :       6.400000E+09
     Temperature exponent     :       5.000000E-01
     Activation Temperature   :       0.000000E+00
     Concentration Exponents  :       [O2]*[CO(S)]
 
 
   Reverse rate :
     Step is irreversible
   -----------------------------------------------------
   =====================================================================================
 
   [Chemistry] : Volume  reaction rate computations start at iteration =            1
 
   [Chemistry] : Surface reaction rate computations start at iteration =            1
 
 
   =============================================================================
  |                       Summary of Solver Control Parameters                  |
   =============================================================================
  | Prop. |  Diff.  |        Solver        |    Relaxation    |      Limits     |
   -----------------------------------------------------------------------------
  |       |         |  Name  |Sweep|Criter.| Inertial| Linear |  Min.  |  Max.  |
   =============================================================================
  |     U |Upwind   | CGS+Pre|   50|1.0E-04|  2.0E-01|   -    |-1.0E+20| 1.0E+20|
  |     V |Upwind   | CGS+Pre|   50|1.0E-04|  2.0E-01|   -    |-1.0E+20| 1.0E+20|
  |P-Corr |    -    | AMG    |   50|1.0E-01|  2.0E-01|   -    |   -    |    -   |
  |     P |    -    |    -   |  -  |   -   |   -     | 1.0E+00|-1.0E+20| 1.0E+20|
  |   Rho |    -    |    -   |  -  |   -   |   -     | 1.0E+00| 1.0E-06| 1.0E+20|
  |    Mu |    -    |    -   |  -  |   -   |   -     | 1.0E+00| 1.0E-10| 1.0E+02|
  |    H0 |Upwind   | CGS+Pre|   50|1.0E-04|  5.0E-02|   -    |-1.0E+20| 1.0E+20|
  |     T |    -    |    -   |  -  |   -   |   -     | 1.0E+00| 1.0E-10| 5.0E+03|
  |Specie |Upwind   | CGS+Pre|   50|1.0E-04|  5.0E-02|   -    | 0.0E+00| 1.0E+00|
  |Specie |Upwind   | CGS+Pre|   50|1.0E-04|  5.0E-02|   -    | 0.0E+00| 1.0E+00|
   =============================================================================
 
 
   =====================================
   Summary of Geometry Data
   =====================================
 
   Smallest Volume   :   1.309972E-10
 
   Largest  Volume   :   7.422708E-07
 
   Smallest Angle    :   4.030503E+01 in zone  0 at face =       499
 
   Location of face number       499 is x =  -3.2913E-02 y =   3.4774E-02 z =   0.0000E+00
 
   =============================
   Start of Iterative Cycle.....
   =============================
 
  Save and Stop Signal Received from User
 
         Final Time   Elapsed CPU Time=  3.272100E+01 Delta-time=  3.272100E+01
 
         Final Time   Elapsed Wall Clock=  3.272155E+01 Delta-Wall Clock=  3.272155E+01
 
  Normal Termination
