

     *****************************************************************
     *                     ANSYS Chemkin 2025 R1                     *
     *                       SURF Application                        *
     *                 SURFACE MECHANISM INTERPRETER                 *
     *                 Copyright(c) 2025 ANSYS, Inc.                 *                
     *Run Date and Time: Jun 01, 2026   10:23:51     120 min from UTC*
     *****************************************************************



                WORKING SPACE REQUIREMENTS
                 PROVIDED        REQUIRED 
 LOGICAL              178            178
 INTEGER              942            942
 REAL                 922            922
 CHARACTER             88             88

This problem requires      0.007MB of memory for the REAL array.

Initializing Chemkin Gas-phase Library a component of ANSYS Chemkin 2025 R1, Build date: Nov 11, 2024
This and All Other Chemkin(R) Libraries are Copyright (c) 2025 Ansys, Inc.  Unauthorized use, distribution, or duplication is prohibited.  This product is subject to U.S. laws governing export and re-export.  For full Legal Notice, see documentation.


LICENSE INFORMATION: 
 

LicNum: unknown                                                                                                                                                                                                                                                                                                                                                                                                                                                                                                                 
 -------------------------------------------------------------------------------
 SPECIES                MOLECULAR                        ELEMENT COUNT
 CONSIDERED             WEIGHT       Density    Nsites           AL        CL        N         H 
 -------------------------------------------------------------------------------

 Gas phase species:
   1. ALCL3            1.3334E+02                                1         3         0         0
   2. NH3              1.7031E+01                                0         0         1         3
   3. ALCL2NH2         1.1391E+02                                1         2         1         2
   4. HCL              3.6461E+01                                0         1         0         1
   5. H                1.0080E+00                                0         0         0         1
   6. CL               3.5453E+01                                0         1         0         0
   7. CL2              7.0906E+01                                0         2         0         0
   8. H2               2.0159E+00                                0         0         0         2

 SITE: AlN_surface                0.132E-08 moles/cm**2
   9. E(S)             0.0000E+00                   1            0         0         0         0
  10. N(S)             1.4007E+01                   1            0         0         1         0

 BULK: BULK1           
  11. ALN(B)           4.0988E+01 3.260E+00 g/cm**3              1         0         1         0
 
 -------------------------------------------------------------------------------
                                                      (k = A T**b exp(-E/RT))
      SURFACE REACTIONS CONSIDERED                      A        b        E

   1. ALCL3+N(S)=>ALN(B)+E(S)+3CL                    2.38E+11    0.5     7700.0
   2. NH3+E(S)=>N(S)+1.5H2                           6.68E+11    0.5     8654.0
   3. ALCL2NH2+E(S)=>2HCL+ALN(B)+E(S)                2.58E+11    0.5     5100.0
   4. ALCL2NH2+N(S)=>2HCL+ALN(B)+N(S)                2.58E+11    0.5     5100.0

 UNITS for the preceding reactions (unless otherwise noted):
       A units mole-cm-sec-K, E units Kelvins
 
 
 -------------------------------------------------------------------------------



 NO ERROR WRITING SURFACE LINKFILE:
 ASCII Version 4.6.0 surface linkfile AlN growth_surf.asc written.

 WORKING SPACE REQUIREMENTS ARE
    INTEGER:      417
    REAL:         388
    CHARACTER:     19

 Total CPUtime: 0.008 (seconds)
