

     *****************************************************************
     *                     ANSYS Chemkin 2025 R1                     *
     *                       CHEM Application                        *
     *                GAS-PHASE MECHANISM INTERPRETER                *
     *                 Copyright(c) 2025 ANSYS, Inc.                 *                
     *Run Date and Time: May 29, 2026   16:16:26     120 min from UTC*
     *****************************************************************



Initializing CHEMKIN Gas-phase Interpreter a component of ANSYS Chemkin 2025 R1, Build date: Nov 11, 2024
This and All Other Chemkin(R) Libraries are Copyright (c) 2025 Ansys, Inc.  Unauthorized use, distribution, or duplication is prohibited.  This product is subject to U.S. laws governing export and re-export.  For full Legal Notice, see documentation.


LICENSE INFORMATION: 
 

LicNum: unknown                                                                                                                                                                                                                                                                                                                                                                                                                                                                                                                 

                WORKING SPACE REQUIREMENTS
                 PROVIDED        REQUIRED 
 LOGICAL                8              8
 INTEGER              634            634
 REAL                2283           2283
 CHARACTER             94             94

This problem requires      0.017MB of memory for the REAL array.
                          --------------------
                          ELEMENTS     ATOMIC
                          CONSIDERED   WEIGHT
                          --------------------
                           1. AL      26.9815    
                           2. CL      35.4530    
                           3. N       14.0067    
                           4. H       1.00797    
                          --------------------
 -------------------------------------------------------------------------------
                            C
                         P  H
                         H  A
                         A  R
 SPECIES                 S  G  MOLECULAR  TEMPERATURE  ELEMENT COUNT
 CONSIDERED              E  E  WEIGHT     LOW    HIGH          AL        CL        N         H 
 -------------------------------------------------------------------------------
     1. ALCL3            G  0 1.3334E+02   300   5000          1         3         0         0
     2. NH3              G  0 1.7031E+01   300   5000          0         0         1         3
     3. ALCL2NH2         G  0 1.1391E+02   300   3000          1         2         1         2
     4. HCL              G  0 3.6461E+01   300   5000          0         1         0         1
     5. H                G  0 1.0080E+00   300   5000          0         0         0         1
     6. CL               G  0 3.5453E+01   300   5000          0         1         0         0
     7. CL2              G  0 7.0906E+01   300   5000          0         2         0         0
     8. H2               G  0 2.0159E+00   300   5000          0         0         0         2
 -------------------------------------------------------------------------------



                                                      (k = A T**b exp(-E/RT))
      REACTIONS CONSIDERED                              A        b        E

   1. ALCL3+NH3=ALCL2NH2+HCL                         4.21E+08    0.0     4200.0
   2. H+CL+M=HCL+M                                   7.20E+21   -2.0        0.0
   3. 2CL+M=CL2+M                                    2.00E+14    0.0     -900.0
   4. HCL+H=CL+H2                                    1.69E+13    0.0     2100.0
   5. H+CL2=HCL+CL                                   8.60E+13    0.0      590.0
   6. 2H+H2=2H2                                      9.70E+16   -0.6        0.0
   7. H2+M=2H+M                                      1.00E+14    0.0    48000.0

 UNITS for the preceding reactions (unless otherwise noted):
       A units mole-cm-sec-K, E units Kelvins




 NO ERRORS FOUND ON INPUT: 
 ASCII Vers. 4.5.0 Chemkin linkfile chem.asc written.

 GAS PHASE WORKING SPACE REQUIREMENTS ARE
    INTEGER:        472
    REAL:           321
    CHARACTER:       13

 Total CPUtime: 0.014 (seconds)
