

     *****************************************************************
     *                     ANSYS Chemkin 2025 R1                     *
     *                       CHEM Application                        *
     *                GAS-PHASE MECHANISM INTERPRETER                *
     *                 Copyright(c) 2025 ANSYS, Inc.                 *                
     *Run Date and Time: Jun 01, 2026   10:21:43     120 min from UTC*
     *****************************************************************



Initializing CHEMKIN Gas-phase Interpreter a component of ANSYS Chemkin 2025 R1, Build date: Nov 11, 2024
This and All Other Chemkin(R) Libraries are Copyright (c) 2025 Ansys, Inc.  Unauthorized use, distribution, or duplication is prohibited.  This product is subject to U.S. laws governing export and re-export.  For full Legal Notice, see documentation.


LICENSE INFORMATION: 
 

LicNum: unknown                                                                                                                                                                                                                                                                                                                                                                                                                                                                                                                 

                WORKING SPACE REQUIREMENTS
                 PROVIDED        REQUIRED 
 LOGICAL                8              8
 INTEGER              284            284
 REAL                1965           1965
 CHARACTER             34             34

This problem requires      0.015MB of memory for the REAL array.
                          --------------------
                          ELEMENTS     ATOMIC
                          CONSIDERED   WEIGHT
                          --------------------
                           1. C       12.0112    
                           2. H       1.00797    
                           3. CR      51.9960    
                           4. N       14.0067    
                          --------------------
 -------------------------------------------------------------------------------
                            C
                         P  H
                         H  A
                         A  R
 SPECIES                 S  G  MOLECULAR  TEMPERATURE  ELEMENT COUNT
 CONSIDERED              E  E  WEIGHT     LOW    HIGH          C         H         CR        N 
 -------------------------------------------------------------------------------
     1. BBC              G  0 2.0823E+02   298   1000         12        12         1         0
     2. MBC              G  0 1.3011E+02   298   1000          6         6         1         0
     3. C6H6_BBC         G  0 7.8115E+01   200   6000          6         6         0         0
     4. C6H6             G  0 7.8115E+01   200   6000          6         6         0         0
     5. H2               G  0 2.0159E+00   300   5000          0         2         0         0
     6. C2H2             G  0 2.6038E+01   200   3500          2         2         0         0
     7. C7H8             G  0 9.2142E+01   200   6000          7         8         0         0
     8. N2               G  0 2.8013E+01   300   5000          0         0         0         2
 -------------------------------------------------------------------------------



                                                      (k = A T**b exp(-E/RT))
      REACTIONS CONSIDERED                              A        b        E

   1. BBC=>MBC+C6H6_BBC                              8.00E+04    0.5     7000.0

 UNITS for the preceding reactions (unless otherwise noted):
       A units mole-cm-sec-K, E units Kelvins




 NO ERRORS FOUND ON INPUT: 
 ASCII Vers. 4.5.0 Chemkin linkfile chem.asc written.


      NOTE (for information purposes only),
      the following species do not participate in any reaction:
      C6H6             H2               C2H2             C7H8             N2              

 GAS PHASE WORKING SPACE REQUIREMENTS ARE
    INTEGER:        142
    REAL:           218
    CHARACTER:       13

 Total CPUtime: 0.029 (seconds)
